<html>
<body>
<pre>
<h1>µVision Build Log</h1>
<h2>Project:</h2>
D:\work\arm\USB_Programmer\USB_PROG.uvproj
Project File Date:  11/03/2013

<h2>Output:</h2>
Build target 'Target 1'
compiling burn.c...
compiling chip.c...
SRC\chips\M602.h(10): warning:  #1-D: last line of file ends without a newline
SRC\chips\cm2970.h(10): warning:  #1-D: last line of file ends without a newline
SRC\chip.c(17): error:  #20: identifier "M2970" is undefined
SRC\chip.c(17): error:  #20: identifier "M2970_init" is undefined
SRC\chip.c(17): error:  #20: identifier "M2970_autoid" is undefined
SRC\chip.c(17): error:  #20: identifier "M2970_read" is undefined
SRC\chip.c(17): error:  #20: identifier "M2970_write" is undefined
SRC\chip.c(17): error:  #20: identifier "M2970_erase" is undefined
SRC\chip.c(19): warning:  #1-D: last line of file ends without a newline
compiling cm2970.c...
SRC\chips\cm2970.c(71): error:  #20: identifier "buf" is undefined
SRC\chips\cm2970.c(80): warning:  #940-D: missing return statement at end of non-void function "SendCmd"
SRC\chips\cm2970.c(85): error:  #247: function "delay" has already been defined
SRC\chips\cm2970.c(99): error:  #20: identifier "i" is undefined
SRC\chips\cm2970.c(110): error:  #20: identifier "tmp" is undefined
SRC\chips\cm2970.c(197): error:  #20: identifier "tmp" is undefined
SRC\chips\cm2970.c(177): warning:  #177-D: variable "i" was declared but never referenced
Target not created
Build target 'Target 1'
compiling chip.c...
SRC\chips\M602.h(10): warning:  #1-D: last line of file ends without a newline
SRC\chips\cm2970.h(10): warning:  #1-D: last line of file ends without a newline
SRC\chip.c(17): error:  #20: identifier "M2970" is undefined
SRC\chip.c(17): error:  #20: identifier "M2970_init" is undefined
SRC\chip.c(17): error:  #20: identifier "M2970_autoid" is undefined
SRC\chip.c(17): error:  #20: identifier "M2970_read" is undefined
SRC\chip.c(17): error:  #20: identifier "M2970_write" is undefined
SRC\chip.c(17): error:  #20: identifier "M2970_erase" is undefined
SRC\chip.c(19): warning:  #1-D: last line of file ends without a newline
compiling cm2970.c...
SRC\chips\cm2970.c(65): error:  #20: identifier "buf" is undefined
SRC\chips\cm2970.c(74): warning:  #940-D: missing return statement at end of non-void function "SendCmd"
SRC\chips\cm2970.c(93): error:  #20: identifier "i" is undefined
SRC\chips\cm2970.c(104): error:  #20: identifier "tmp" is undefined
SRC\chips\cm2970.c(191): error:  #20: identifier "tmp" is undefined
SRC\chips\cm2970.c(171): warning:  #177-D: variable "i" was declared but never referenced
Target not created
Build target 'Target 1'
compiling chip.c...
SRC\chips\M602.h(10): warning:  #1-D: last line of file ends without a newline
SRC\chips\cm2970.h(10): warning:  #1-D: last line of file ends without a newline
SRC\chip.c(17): error:  #20: identifier "CM2970" is undefined
SRC\chip.c(19): warning:  #1-D: last line of file ends without a newline
compiling cm2970.c...
SRC\chips\cm2970.c(65): error:  #20: identifier "buf" is undefined
SRC\chips\cm2970.c(74): warning:  #940-D: missing return statement at end of non-void function "SendCmd"
SRC\chips\cm2970.c(93): error:  #20: identifier "i" is undefined
SRC\chips\cm2970.c(104): error:  #20: identifier "tmp" is undefined
SRC\chips\cm2970.c(191): error:  #20: identifier "tmp" is undefined
SRC\chips\cm2970.c(171): warning:  #177-D: variable "i" was declared but never referenced
Target not created
Build target 'Target 1'
compiling chip.c...
SRC\chip.c(17): error:  #20: identifier "CM2970" is undefined
compiling cm2970.c...
SRC\chips\cm2970.c(195): error:  #20: identifier "tmp" is undefined
SRC\chips\cm2970.c(175): warning:  #177-D: variable "i" was declared but never referenced
Target not created
Build target 'Target 1'
compiling burn.c...
compiling chip.c...
SRC\chip.c(17): error:  #20: identifier "CM2970" is undefined
compiling cm2970.c...
SRC\chips\cm2970.c(175): warning:  #177-D: variable "i" was declared but never referenced
Target not created
Build target 'Target 1'
compiling burn.c...
compiling chip.c...
linking...
Program Size: Code=7792 RO-data=336 RW-data=560 ZI-data=2184  
FromELF: creating hex file...
".\OBJS\USB_PROG.axf" - 0 Error(s), 0 Warning(s).
Load "D:\\work\\arm\\USB_Programmer\\OBJS\\USB_PROG.axf" 
Set JLink Project File to "D:\work\arm\USB_Programmer\JLinkSettings.ini"
* JLink Info: Device "STM32F103VE" selected (512 KB flash, 64 KB RAM).
 
JLink info:
------------
DLL: V4.72 , compiled Jun 12 2013 15:47:08
Firmware: J-Link ARM V7 compiled Jun 20 2012 19:45:53
Hardware: V7.00
S/N : 19087980 
Feature(s) : RDI, FlashDL, FlashBP, JFlash, GDBFull 
 
* JLink Info: TotalIRLen = 9, IRPrint = 0x0011
* JLink Info: TotalIRLen = 9, IRPrint = 0x0011
* JLink Info: Found Cortex-M3 r1p1, Little endian.
* JLink Info: TPIU fitted.
* JLink Info: ETM fitted.
* JLink Info: FPUnit: 6 code (BP) slots and 2 literal slots
ROMTableAddr = 0xE00FF003
* JLink Info: Found Cortex-M3 r1p1, Little endian.
* JLink Info: TPIU fitted.
* JLink Info: ETM fitted.
* JLink Info: FPUnit: 6 code (BP) slots and 2 literal slots
 
Target info:
------------
Device: STM32F103VE
VTarget = 2.776V
State of Pins: 
TCK: 1, TDI: 0, TDO: 1, TMS: 0, TRES: 1, TRST: 1
Hardware-Breakpoints: 6
Software-Breakpoints: 8192
Watchpoints:          4
JTAG speed: 2000 kHz
 
Erase Done.
Programming Done.
Verify OK.
* JLink Info: Found Cortex-M3 r1p1, Little endian.
* JLink Info: TPIU fitted.
* JLink Info: ETM fitted.
* JLink Info: FPUnit: 6 code (BP) slots and 2 literal slots
Application running ...
Build target 'Target 1'
compiling cm2970.c...
SRC\chips\cm2970.c(182): warning:  #177-D: variable "i" was declared but never referenced
linking...
Program Size: Code=7812 RO-data=336 RW-data=560 ZI-data=2184  
FromELF: creating hex file...
".\OBJS\USB_PROG.axf" - 0 Error(s), 1 Warning(s).
Load "D:\\work\\arm\\USB_Programmer\\OBJS\\USB_PROG.axf" 
Set JLink Project File to "D:\work\arm\USB_Programmer\JLinkSettings.ini"
* JLink Info: Device "STM32F103VE" selected (512 KB flash, 64 KB RAM).
 
JLink info:
------------
DLL: V4.72 , compiled Jun 12 2013 15:47:08
Firmware: J-Link ARM V7 compiled Jun 20 2012 19:45:53
Hardware: V7.00
S/N : 19087980 
Feature(s) : RDI, FlashDL, FlashBP, JFlash, GDBFull 
 
* JLink Info: TotalIRLen = 9, IRPrint = 0x0011
* JLink Info: TotalIRLen = 9, IRPrint = 0x0011
* JLink Info: Found Cortex-M3 r1p1, Little endian.
* JLink Info: TPIU fitted.
* JLink Info: ETM fitted.
* JLink Info: FPUnit: 6 code (BP) slots and 2 literal slots
ROMTableAddr = 0xE00FF003
* JLink Info: Found Cortex-M3 r1p1, Little endian.
* JLink Info: TPIU fitted.
* JLink Info: ETM fitted.
* JLink Info: FPUnit: 6 code (BP) slots and 2 literal slots
 
Target info:
------------
Device: STM32F103VE
VTarget = 2.776V
State of Pins: 
TCK: 1, TDI: 0, TDO: 1, TMS: 0, TRES: 1, TRST: 1
Hardware-Breakpoints: 6
Software-Breakpoints: 8192
Watchpoints:          4
JTAG speed: 2000 kHz
 
Erase Done.
Programming Done.
Verify OK.
* JLink Info: Found Cortex-M3 r1p1, Little endian.
* JLink Info: TPIU fitted.
* JLink Info: ETM fitted.
* JLink Info: FPUnit: 6 code (BP) slots and 2 literal slots
Application running ...
Build target 'Target 1'
compiling cm2970.c...
SRC\chips\cm2970.c(183): warning:  #177-D: variable "i" was declared but never referenced
linking...
Program Size: Code=7820 RO-data=336 RW-data=560 ZI-data=2184  
FromELF: creating hex file...
".\OBJS\USB_PROG.axf" - 0 Error(s), 1 Warning(s).
Load "D:\\work\\arm\\USB_Programmer\\OBJS\\USB_PROG.axf" 
Set JLink Project File to "D:\work\arm\USB_Programmer\JLinkSettings.ini"
* JLink Info: Device "STM32F103VE" selected (512 KB flash, 64 KB RAM).
 
JLink info:
------------
DLL: V4.72 , compiled Jun 12 2013 15:47:08
Firmware: J-Link ARM V7 compiled Jun 20 2012 19:45:53
Hardware: V7.00
S/N : 19087980 
Feature(s) : RDI, FlashDL, FlashBP, JFlash, GDBFull 
 
* JLink Info: TotalIRLen = 9, IRPrint = 0x0011
* JLink Info: TotalIRLen = 9, IRPrint = 0x0011
* JLink Info: Found Cortex-M3 r1p1, Little endian.
* JLink Info: TPIU fitted.
* JLink Info: ETM fitted.
* JLink Info: FPUnit: 6 code (BP) slots and 2 literal slots
ROMTableAddr = 0xE00FF003
* JLink Info: Found Cortex-M3 r1p1, Little endian.
* JLink Info: TPIU fitted.
* JLink Info: ETM fitted.
* JLink Info: FPUnit: 6 code (BP) slots and 2 literal slots
 
Target info:
------------
Device: STM32F103VE
VTarget = 2.782V
State of Pins: 
TCK: 1, TDI: 0, TDO: 1, TMS: 0, TRES: 1, TRST: 1
Hardware-Breakpoints: 6
Software-Breakpoints: 8192
Watchpoints:          4
JTAG speed: 2000 kHz
 
Erase Done.
Programming Done.
Verify OK.
* JLink Info: Found Cortex-M3 r1p1, Little endian.
* JLink Info: TPIU fitted.
* JLink Info: ETM fitted.
* JLink Info: FPUnit: 6 code (BP) slots and 2 literal slots
Application running ...
